scanned 135 character file(s) in LilyAiGameSpace/Umamusume/Character
1 character file(s) with blank sections, 0 skipped (all three sections already filled)
- Air_Shakur: blank = Overview, Background, Appearances
  wrote (dry run, not saved) sources/wiki/Air_Shakur.md, 11675 chars
done: 1 staged, 0 failed

--- preview of Air_Shakur (first 60 lines) ---
# Wiki source: Air Shakur

- Character file: LilyAiGameSpace/Umamusume/Character/Air_Shakur.md
- Blank sections to fill: Overview, Background, Appearances
- Page: https://umamusu.wiki/Air_Shakur (retrieved 2026-09-30 UTC)
- License: Umamusume Wiki text is CC BY-SA 4.0. Reword before use. Game materials are copyright Cygames, Inc.
- This is staging data with links and refs stripped. It is not the finished profile.

## Lead

Air Shakur is a character in Umamusume: Pretty Derby.

## Biography

<blockquote style="font-style: italic; border-left: 3px solid #E1E000; padding-left: 1em; color: #2459B4;>"Speak logically. At its core, a race comes down to mathematical aggregation."</blockquote>

Always takes the logical approach! A brilliant but eccentric racer..

A rebel who only trusts the data she has collected. If she is winning a race, it is due entirely to her calculations and is never due to chance. No matter how many times she's calculated it, she comes up seven centimeters short of winning the Triple Crown, and is currently searching for any possible error in her calculations to prove that it can be done.

{{Character Profile
| self_intro = The name's Air Shakur. The data always tells the true story, and I've got my simulations on point. Hope everyone's ready to get crushed by my logic.
| self_intro_jp = エアシャカールだ。どんな勝負でもデータがものをいう。シミュレーションに問題はねェねじ伏せてやるよ、ロジカルにな
| strengths = Programming
| strengths_jp = プログラミング
| weaknesses = Cicadas
| weaknesses_jp = アブラゼミ
| ears = They stand upright during logical thinking.
| ears_jp = ロジカルな思考中は直立する
| tail = She calculates and maintains the perfect length and volume for running.
| tail_jp = 走りに適した長さと毛量を計算し、維持中
| family = She never opens the packages her mother sends her.
| family_jp = 母からの仕送りの箱は、開けたことがない
| my_rule = Turn off all SNS notifications
| my_rule_jp = SNSの通知は全部オフ
| phone_background = Black background with plaid pattern
| phone_background_jp = 黒が基調の格子柄
| before_a_race = Because she contemplates a lot she is slow to respond to calls
| before_a_race_jp = 熟考中につき呼んでも反応が鈍い
| good_subject = 
| good_subject_jp = 
| secret_pride = 
| secret_pride_jp = 
| frequent_purchase = 
| frequent_purchase_jp = 
| secret1 = She has a habit of leaning to the right whenever she right-clicks her mouse.
| secret1_jp = 実は、右クリックの時だけ体が右に傾くクセがある。
| secret2 = She frequently watches broadcasts of Italian soccer games.
| secret2_jp = 実は、イタリアのプロサッカー中継をちょくちょく見ている。
}}

## Appearance

Shakur has short black hair with a line that runs through the center. Her hair can be described as "spiky" or "tousled" (messy). It is tousled and uneven, with several strands jutting out in different directions. Her hairstyle also features two longer strands at the back. When looking from the front, these can give the illusion that she has traditional long hair. 

Her eyes are a golden yellow, and she has subtle piercings above her left eyebrow. Her right ear is adorned with a gold/bronze piece that is connected by chain to an ear cuff directly above. 

Shakur's race outfit is a mesh of many random different articles of clothing and designs. She sports a short-sleeved black jacket with blue accents, blue linings, yellow studs and an asymmetrical zipper on the left side. Underneath the jacket is a torn yellow shirt with paint-splatter print. She wears a black belt with gold decals. Her shorts have 2 separate zippers on the right side, connected by a red and white strap, with an attached blue cloth on the other side. Her right leg features red straps over ripped black leggings decorated with blue flames.

## Relationships
